Archive member included to satisfy reference by file (symbol)

/usr/lib/gcc/avr/4.9.2/avr5/libgcc.a(_udivmodqi4.o)
                              uzeboxVideoEngine.o (__udivmodqi4)
/usr/lib/gcc/avr/4.9.2/avr5/libgcc.a(_udivmodhi4.o)
                              uzeboxVideoEngine.o (__udivmodhi4)
/usr/lib/gcc/avr/4.9.2/avr5/libgcc.a(_divmodhi4.o)
                              uzeboxSoundEngine.o (__divmodhi4)
/usr/lib/gcc/avr/4.9.2/avr5/libgcc.a(_udivmodsi4.o)
                              uzeboxVideoEngine.o (__udivmodsi4)
/usr/lib/gcc/avr/4.9.2/avr5/libgcc.a(_exit.o)
                              /usr/lib/gcc/avr/4.9.2/../../../avr/lib/avr5/crtatmega644.o (exit)
/usr/lib/gcc/avr/4.9.2/avr5/libgcc.a(_copy_data.o)
                              uzeboxVideoEngine.o (__do_copy_data)
/usr/lib/gcc/avr/4.9.2/avr5/libgcc.a(_clear_bss.o)
                              uzeboxCore.o (__do_clear_bss)

Allocating common symbols
Common symbol       size              file

songStart           0x2               uzeboxSoundEngine.o
sdInUse             0x1               SDMusic.o
tracks              0x5c              uzeboxSoundEngine.o
fadeSpeed           0x1               uzeboxVideoEngine.o
fadeDir             0x1               uzeboxVideoEngine.o
patchPointers       0x2               uzeboxSoundEngine.o
songBufIn           0x1               uzeboxSoundEngine.o
lastStatus          0x1               uzeboxSoundEngine.o
joypadsConnectionStatus
                    0x1               uzeboxCore.o
free_tile_index     0x1               uzeboxVideoEngine.o
fadeActive          0x1               uzeboxVideoEngine.o
loopEnd             0x2               uzeboxSoundEngine.o
masterVolume        0x1               uzeboxSoundEngine.o
nextDeltaTime       0x1               uzeboxSoundEngine.o
songSpeed           0x1               uzeboxSoundEngine.o
songPos             0x2               uzeboxSoundEngine.o
songBuf             0x40              uzeboxSoundEngine.o
loopStart           0x2               uzeboxSoundEngine.o
step                0x1               uzeboxSoundEngine.o
currFadeFrame       0x1               uzeboxVideoEngine.o
fadeStep            0x1               uzeboxVideoEngine.o
songBufOut          0x1               uzeboxSoundEngine.o

Discarded input sections

 .data          0x00000000        0x0 /usr/lib/gcc/avr/4.9.2/../../../avr/lib/avr5/crtatmega644.o
 .bss           0x00000000        0x0 /usr/lib/gcc/avr/4.9.2/../../../avr/lib/avr5/crtatmega644.o
 .data          0x00000000        0x0 uzeboxVideoEngineCore.o
 .text.SetSpritesTileTable
                0x00000000        0xa uzeboxVideoEngineCore.o
 .text.SetSpritesTileBank
                0x00000000       0x12 uzeboxVideoEngineCore.o
 .text.GetTile  0x00000000       0x1e uzeboxVideoEngineCore.o
 .text.ClearVsyncFlag
                0x00000000        0xc uzeboxVideoEngineCore.o
 .text.GetVsyncCounter
                0x00000000        0xa uzeboxVideoEngineCore.o
 .text.ClearVsyncCounter
                0x00000000        0xa uzeboxVideoEngineCore.o
 .text.ReadJoypad
                0x00000000       0x18 uzeboxVideoEngineCore.o
 .text.WaitUs   0x00000000        0xe uzeboxVideoEngineCore.o
 .text.SetUserPreVsyncCallback
                0x00000000        0xa uzeboxVideoEngineCore.o
 .text.SetUserPostVsyncCallback
                0x00000000        0xa uzeboxVideoEngineCore.o
 .text.IsRunningInEmulator
                0x00000000       0x12 uzeboxVideoEngineCore.o
 .text.WaitClocks
                0x00000000        0x6 uzeboxVideoEngineCore.o
 .text.SetLedOn
                0x00000000        0x4 uzeboxVideoEngineCore.o
 .text.SetLedOff
                0x00000000        0x4 uzeboxVideoEngineCore.o
 .text.ToggleLed
                0x00000000        0x4 uzeboxVideoEngineCore.o
 .text.internal_spi_byte
                0x00000000        0xe uzeboxVideoEngineCore.o
 .text          0x00000000        0x0 uzeboxCore.o
 .data          0x00000000        0x0 uzeboxCore.o
 .bss           0x00000000        0x2 uzeboxCore.o
 .text.SetRenderingParameters
                0x00000000        0xa uzeboxCore.o
 .text.DetectControllers
                0x00000000       0x36 uzeboxCore.o
 .text.FormatEeprom2
                0x00000000       0x98 uzeboxCore.o
 .text.IsPowerSwitchPressed
                0x00000000        0xe uzeboxCore.o
 .text.EepromWriteBlock
                0x00000000       0x94 uzeboxCore.o
 .text.EepromReadBlock
                0x00000000       0x66 uzeboxCore.o
 .text.EepromBlockExists
                0x00000000       0xa4 uzeboxCore.o
 .text.GetPrngNumber
                0x00000000       0x5c uzeboxCore.o
 .text          0x00000000        0x0 uzeboxSoundEngine.o
 .data          0x00000000        0x0 uzeboxSoundEngine.o
 .text.InitMusicPlayer
                0x00000000       0x44 uzeboxSoundEngine.o
 .text.StopSong
                0x00000000       0x18 uzeboxSoundEngine.o
 .text.ResumeSong
                0x00000000        0x8 uzeboxSoundEngine.o
 .text.SetSongSpeed
                0x00000000        0x6 uzeboxSoundEngine.o
 .text.GetSongSpeed
                0x00000000        0x6 uzeboxSoundEngine.o
 .text.TriggerFx
                0x00000000       0x8a uzeboxSoundEngine.o
 .text.SetMasterVolume
                0x00000000        0x6 uzeboxSoundEngine.o
 .text.GetMasterVolume
                0x00000000        0x6 uzeboxSoundEngine.o
 .text.IsSongPlaying
                0x00000000        0x6 uzeboxSoundEngine.o
 .data          0x00000000        0x0 uzeboxSoundEngineCore.o
 .text.SetMixerVolume
                0x00000000       0x16 uzeboxSoundEngineCore.o
 .text.EnableSoundEngine
                0x00000000        0x8 uzeboxSoundEngineCore.o
 .avr.prop      0x00000000       0x16 uzeboxSoundEngineCore.o
 .text          0x00000000        0x0 uzeboxVideoEngine.o
 .text.SetUserRamTilesCount
                0x00000000        0x6 uzeboxVideoEngine.o
 .text.GetUserRamTile
                0x00000000        0xe uzeboxVideoEngine.o
 .text.SetSpriteVisibility
                0x00000000        0x6 uzeboxVideoEngine.o
 .text.MapSprite
                0x00000000       0x80 uzeboxVideoEngine.o
 .text.MapSprite2
                0x00000000       0xa4 uzeboxVideoEngine.o
 .text.MoveSprite
                0x00000000       0x4a uzeboxVideoEngine.o
 .text.DrawMap  0x00000000       0x9a uzeboxVideoEngine.o
 .text.PrintLong
                0x00000000       0x8a uzeboxVideoEngine.o
 .text.PrintByte
                0x00000000       0x66 uzeboxVideoEngine.o
 .text.PrintInt
                0x00000000       0x70 uzeboxVideoEngine.o
 .text.PrintBinaryByte
                0x00000000       0x36 uzeboxVideoEngine.o
 .text.PrintHexByte
                0x00000000       0x40 uzeboxVideoEngine.o
 .text.PrintHexInt
                0x00000000       0x24 uzeboxVideoEngine.o
 .text.PrintHexLong
                0x00000000       0x5e uzeboxVideoEngine.o
 .text.PrintRam
                0x00000000       0x36 uzeboxVideoEngine.o
 .text.PrintChar
                0x00000000        0x6 uzeboxVideoEngine.o
 .text.Fill     0x00000000       0x6e uzeboxVideoEngine.o
 .text.FontFill
                0x00000000       0x6c uzeboxVideoEngine.o
 .text.WaitVsync
                0x00000000       0x2e uzeboxVideoEngine.o
 .text.doFade   0x00000000       0x1c uzeboxVideoEngine.o
 .text.FadeIn   0x00000000       0x18 uzeboxVideoEngine.o
 .text.FadeOut  0x00000000       0x18 uzeboxVideoEngine.o
 .text          0x00000000        0x0 sdBase.o
 .data          0x00000000        0x0 sdBase.o
 .text.sd_direct_read_section
                0x00000000       0x5a sdBase.o
 .text          0x00000000        0x0 SDMusic.o
 .data          0x00000000        0x0 SDMusic.o
 .text          0x00000000        0x0 /usr/lib/gcc/avr/4.9.2/avr5/libgcc.a(_udivmodqi4.o)
 .data          0x00000000        0x0 /usr/lib/gcc/avr/4.9.2/avr5/libgcc.a(_udivmodqi4.o)
 .bss           0x00000000        0x0 /usr/lib/gcc/avr/4.9.2/avr5/libgcc.a(_udivmodqi4.o)
 .text.libgcc.mul
                0x00000000        0x0 /usr/lib/gcc/avr/4.9.2/avr5/libgcc.a(_udivmodqi4.o)
 .text.libgcc.div
                0x00000000       0x18 /usr/lib/gcc/avr/4.9.2/avr5/libgcc.a(_udivmodqi4.o)
 .text.libgcc   0x00000000        0x0 /usr/lib/gcc/avr/4.9.2/avr5/libgcc.a(_udivmodqi4.o)
 .text.libgcc.prologue
                0x00000000        0x0 /usr/lib/gcc/avr/4.9.2/avr5/libgcc.a(_udivmodqi4.o)
 .text.libgcc.builtins
                0x00000000        0x0 /usr/lib/gcc/avr/4.9.2/avr5/libgcc.a(_udivmodqi4.o)
 .text.libgcc.fmul
                0x00000000        0x0 /usr/lib/gcc/avr/4.9.2/avr5/libgcc.a(_udivmodqi4.o)
 .text.libgcc.fixed
                0x00000000        0x0 /usr/lib/gcc/avr/4.9.2/avr5/libgcc.a(_udivmodqi4.o)
 .text          0x00000000        0x0 /usr/lib/gcc/avr/4.9.2/avr5/libgcc.a(_udivmodhi4.o)
 .data          0x00000000        0x0 /usr/lib/gcc/avr/4.9.2/avr5/libgcc.a(_udivmodhi4.o)
 .bss           0x00000000        0x0 /usr/lib/gcc/avr/4.9.2/avr5/libgcc.a(_udivmodhi4.o)
 .text.libgcc.mul
                0x00000000        0x0 /usr/lib/gcc/avr/4.9.2/avr5/libgcc.a(_udivmodhi4.o)
 .text.libgcc   0x00000000        0x0 /usr/lib/gcc/avr/4.9.2/avr5/libgcc.a(_udivmodhi4.o)
 .text.libgcc.prologue
                0x00000000        0x0 /usr/lib/gcc/avr/4.9.2/avr5/libgcc.a(_udivmodhi4.o)
 .text.libgcc.builtins
                0x00000000        0x0 /usr/lib/gcc/avr/4.9.2/avr5/libgcc.a(_udivmodhi4.o)
 .text.libgcc.fmul
                0x00000000        0x0 /usr/lib/gcc/avr/4.9.2/avr5/libgcc.a(_udivmodhi4.o)
 .text.libgcc.fixed
                0x00000000        0x0 /usr/lib/gcc/avr/4.9.2/avr5/libgcc.a(_udivmodhi4.o)
 .text          0x00000000        0x0 /usr/lib/gcc/avr/4.9.2/avr5/libgcc.a(_divmodhi4.o)
 .data          0x00000000        0x0 /usr/lib/gcc/avr/4.9.2/avr5/libgcc.a(_divmodhi4.o)
 .bss           0x00000000        0x0 /usr/lib/gcc/avr/4.9.2/avr5/libgcc.a(_divmodhi4.o)
 .text.libgcc.mul
                0x00000000        0x0 /usr/lib/gcc/avr/4.9.2/avr5/libgcc.a(_divmodhi4.o)
 .text.libgcc   0x00000000        0x0 /usr/lib/gcc/avr/4.9.2/avr5/libgcc.a(_divmodhi4.o)
 .text.libgcc.prologue
                0x00000000        0x0 /usr/lib/gcc/avr/4.9.2/avr5/libgcc.a(_divmodhi4.o)
 .text.libgcc.builtins
                0x00000000        0x0 /usr/lib/gcc/avr/4.9.2/avr5/libgcc.a(_divmodhi4.o)
 .text.libgcc.fmul
                0x00000000        0x0 /usr/lib/gcc/avr/4.9.2/avr5/libgcc.a(_divmodhi4.o)
 .text.libgcc.fixed
                0x00000000        0x0 /usr/lib/gcc/avr/4.9.2/avr5/libgcc.a(_divmodhi4.o)
 .text          0x00000000        0x0 /usr/lib/gcc/avr/4.9.2/avr5/libgcc.a(_udivmodsi4.o)
 .data          0x00000000        0x0 /usr/lib/gcc/avr/4.9.2/avr5/libgcc.a(_udivmodsi4.o)
 .bss           0x00000000        0x0 /usr/lib/gcc/avr/4.9.2/avr5/libgcc.a(_udivmodsi4.o)
 .text.libgcc.mul
                0x00000000        0x0 /usr/lib/gcc/avr/4.9.2/avr5/libgcc.a(_udivmodsi4.o)
 .text.libgcc.div
                0x00000000       0x44 /usr/lib/gcc/avr/4.9.2/avr5/libgcc.a(_udivmodsi4.o)
 .text.libgcc   0x00000000        0x0 /usr/lib/gcc/avr/4.9.2/avr5/libgcc.a(_udivmodsi4.o)
 .text.libgcc.prologue
                0x00000000        0x0 /usr/lib/gcc/avr/4.9.2/avr5/libgcc.a(_udivmodsi4.o)
 .text.libgcc.builtins
                0x00000000        0x0 /usr/lib/gcc/avr/4.9.2/avr5/libgcc.a(_udivmodsi4.o)
 .text.libgcc.fmul
                0x00000000        0x0 /usr/lib/gcc/avr/4.9.2/avr5/libgcc.a(_udivmodsi4.o)
 .text.libgcc.fixed
                0x00000000        0x0 /usr/lib/gcc/avr/4.9.2/avr5/libgcc.a(_udivmodsi4.o)
 .text          0x00000000        0x0 /usr/lib/gcc/avr/4.9.2/avr5/libgcc.a(_exit.o)
 .data          0x00000000        0x0 /usr/lib/gcc/avr/4.9.2/avr5/libgcc.a(_exit.o)
 .bss           0x00000000        0x0 /usr/lib/gcc/avr/4.9.2/avr5/libgcc.a(_exit.o)
 .text.libgcc.mul
                0x00000000        0x0 /usr/lib/gcc/avr/4.9.2/avr5/libgcc.a(_exit.o)
 .text.libgcc.div
                0x00000000        0x0 /usr/lib/gcc/avr/4.9.2/avr5/libgcc.a(_exit.o)
 .text.libgcc   0x00000000        0x0 /usr/lib/gcc/avr/4.9.2/avr5/libgcc.a(_exit.o)
 .text.libgcc.prologue
                0x00000000        0x0 /usr/lib/gcc/avr/4.9.2/avr5/libgcc.a(_exit.o)
 .text.libgcc.builtins
                0x00000000        0x0 /usr/lib/gcc/avr/4.9.2/avr5/libgcc.a(_exit.o)
 .text.libgcc.fmul
                0x00000000        0x0 /usr/lib/gcc/avr/4.9.2/avr5/libgcc.a(_exit.o)
 .text.libgcc.fixed
                0x00000000        0x0 /usr/lib/gcc/avr/4.9.2/avr5/libgcc.a(_exit.o)
 .text          0x00000000        0x0 /usr/lib/gcc/avr/4.9.2/avr5/libgcc.a(_copy_data.o)
 .data          0x00000000        0x0 /usr/lib/gcc/avr/4.9.2/avr5/libgcc.a(_copy_data.o)
 .bss           0x00000000        0x0 /usr/lib/gcc/avr/4.9.2/avr5/libgcc.a(_copy_data.o)
 .text.libgcc.mul
                0x00000000        0x0 /usr/lib/gcc/avr/4.9.2/avr5/libgcc.a(_copy_data.o)
 .text.libgcc.div
                0x00000000        0x0 /usr/lib/gcc/avr/4.9.2/avr5/libgcc.a(_copy_data.o)
 .text.libgcc   0x00000000        0x0 /usr/lib/gcc/avr/4.9.2/avr5/libgcc.a(_copy_data.o)
 .text.libgcc.prologue
                0x00000000        0x0 /usr/lib/gcc/avr/4.9.2/avr5/libgcc.a(_copy_data.o)
 .text.libgcc.builtins
                0x00000000        0x0 /usr/lib/gcc/avr/4.9.2/avr5/libgcc.a(_copy_data.o)
 .text.libgcc.fmul
                0x00000000        0x0 /usr/lib/gcc/avr/4.9.2/avr5/libgcc.a(_copy_data.o)
 .text.libgcc.fixed
                0x00000000        0x0 /usr/lib/gcc/avr/4.9.2/avr5/libgcc.a(_copy_data.o)
 .text          0x00000000        0x0 /usr/lib/gcc/avr/4.9.2/avr5/libgcc.a(_clear_bss.o)
 .data          0x00000000        0x0 /usr/lib/gcc/avr/4.9.2/avr5/libgcc.a(_clear_bss.o)
 .bss           0x00000000        0x0 /usr/lib/gcc/avr/4.9.2/avr5/libgcc.a(_clear_bss.o)
 .text.libgcc.mul
                0x00000000        0x0 /usr/lib/gcc/avr/4.9.2/avr5/libgcc.a(_clear_bss.o)
 .text.libgcc.div
                0x00000000        0x0 /usr/lib/gcc/avr/4.9.2/avr5/libgcc.a(_clear_bss.o)
 .text.libgcc   0x00000000        0x0 /usr/lib/gcc/avr/4.9.2/avr5/libgcc.a(_clear_bss.o)
 .text.libgcc.prologue
                0x00000000        0x0 /usr/lib/gcc/avr/4.9.2/avr5/libgcc.a(_clear_bss.o)
 .text.libgcc.builtins
                0x00000000        0x0 /usr/lib/gcc/avr/4.9.2/avr5/libgcc.a(_clear_bss.o)
 .text.libgcc.fmul
                0x00000000        0x0 /usr/lib/gcc/avr/4.9.2/avr5/libgcc.a(_clear_bss.o)
 .text.libgcc.fixed
                0x00000000        0x0 /usr/lib/gcc/avr/4.9.2/avr5/libgcc.a(_clear_bss.o)

Memory Configuration

Name             Origin             Length             Attributes
text             0x00000000         0x00020000         xr
data             0x00800060         0x0000ffa0         rw !x
eeprom           0x00810000         0x00010000         rw !x
fuse             0x00820000         0x00000400         rw !x
lock             0x00830000         0x00000400         rw !x
signature        0x00840000         0x00000400         rw !x
user_signatures  0x00850000         0x00000400         rw !x
*default*        0x00000000         0xffffffff

Linker script and memory map

Address of section .data set to 0x800100
LOAD /usr/lib/gcc/avr/4.9.2/../../../avr/lib/avr5/crtatmega644.o
LOAD uzeboxVideoEngineCore.o
LOAD uzeboxCore.o
LOAD uzeboxSoundEngine.o
LOAD uzeboxSoundEngineCore.o
LOAD uzeboxVideoEngine.o
LOAD sdBase.o
LOAD SDMusic.o
START GROUP
LOAD /usr/lib/gcc/avr/4.9.2/avr5/libgcc.a
LOAD /usr/lib/gcc/avr/4.9.2/../../../avr/lib/avr5/libm.a
LOAD /usr/lib/gcc/avr/4.9.2/../../../avr/lib/avr5/libc.a
LOAD /usr/lib/gcc/avr/4.9.2/../../../avr/lib/avr5/libatmega644.a
END GROUP
                0x00020000                __TEXT_REGION_LENGTH__ = DEFINED (__TEXT_REGION_LENGTH__)?__TEXT_REGION_LENGTH__:0x20000
                0x0000ffa0                __DATA_REGION_LENGTH__ = DEFINED (__DATA_REGION_LENGTH__)?__DATA_REGION_LENGTH__:0xffa0
                0x00010000                __EEPROM_REGION_LENGTH__ = DEFINED (__EEPROM_REGION_LENGTH__)?__EEPROM_REGION_LENGTH__:0x10000
                0x00000400                __FUSE_REGION_LENGTH__ = DEFINED (__FUSE_REGION_LENGTH__)?__FUSE_REGION_LENGTH__:0x400
                0x00000400                __LOCK_REGION_LENGTH__ = DEFINED (__LOCK_REGION_LENGTH__)?__LOCK_REGION_LENGTH__:0x400
                0x00000400                __SIGNATURE_REGION_LENGTH__ = DEFINED (__SIGNATURE_REGION_LENGTH__)?__SIGNATURE_REGION_LENGTH__:0x400
                0x00000400                __USER_SIGNATURE_REGION_LENGTH__ = DEFINED (__USER_SIGNATURE_REGION_LENGTH__)?__USER_SIGNATURE_REGION_LENGTH__:0x400

.hash
 *(.hash)

.dynsym
 *(.dynsym)

.dynstr
 *(.dynstr)

.gnu.version
 *(.gnu.version)

.gnu.version_d
 *(.gnu.version_d)

.gnu.version_r
 *(.gnu.version_r)

.rel.init
 *(.rel.init)

.rela.init
 *(.rela.init)

.rel.text
 *(.rel.text)
 *(.rel.text.*)
 *(.rel.gnu.linkonce.t*)

.rela.text
 *(.rela.text)
 *(.rela.text.*)
 *(.rela.gnu.linkonce.t*)

.rel.fini
 *(.rel.fini)

.rela.fini
 *(.rela.fini)

.rel.rodata
 *(.rel.rodata)
 *(.rel.rodata.*)
 *(.rel.gnu.linkonce.r*)

.rela.rodata
 *(.rela.rodata)
 *(.rela.rodata.*)
 *(.rela.gnu.linkonce.r*)

.rel.data
 *(.rel.data)
 *(.rel.data.*)
 *(.rel.gnu.linkonce.d*)

.rela.data
 *(.rela.data)
 *(.rela.data.*)
 *(.rela.gnu.linkonce.d*)

.rel.ctors
 *(.rel.ctors)

.rela.ctors
 *(.rela.ctors)

.rel.dtors
 *(.rel.dtors)

.rela.dtors
 *(.rela.dtors)

.rel.got
 *(.rel.got)

.rela.got
 *(.rela.got)

.rel.bss
 *(.rel.bss)

.rela.bss
 *(.rela.bss)

.rel.plt
 *(.rel.plt)

.rela.plt
 *(.rela.plt)

.text           0x00000000     0x6420
 *(.vectors)
 .vectors       0x00000000       0x70 /usr/lib/gcc/avr/4.9.2/../../../avr/lib/avr5/crtatmega644.o
                0x00000000                __vectors
                0x00000000                __vector_default
 *(.vectors)
 *(.progmem.gcc*)
                0x00000070                . = ALIGN (0x2)
                0x00000070                __trampolines_start = .
 *(.trampolines)
 .trampolines   0x00000070        0x0 linker stubs
 *(.trampolines*)
                0x00000070                __trampolines_end = .
 *libprintf_flt.a:*(.progmem.data)
 *libc.a:*(.progmem.data)
 *(.progmem*)
 .progmem.data  0x00000070       0x4e uzeboxCore.o
                0x00000070                eeprom_format_table
                0x00000090                io_table
 .progmem.data  0x000000be       0x1e uzeboxSoundEngine.o
                0x000000be                patchCommands
 .progmem.data  0x000000dc        0xc uzeboxVideoEngine.o
                0x000000dc                fader
 .progmem.data  0x000000e8     0x3fa8 SDMusic.o
                0x000000e8                tiles
                0x000006e8                font_tileset
                0x000016e8                CompressedSong
                0x0000405d                fileName
                0x00004090                . = ALIGN (0x2)
 *(.jumptables)
 *(.jumptables*)
 *(.lowtext)
 *(.lowtext*)
                0x00004090                __ctors_start = .
 *(.ctors)
                0x00004090                __ctors_end = .
                0x00004090                __dtors_start = .
 *(.dtors)
                0x00004090                __dtors_end = .
 SORT(*)(.ctors)
 SORT(*)(.dtors)
 *(.init0)
 .init0         0x00004090        0x0 /usr/lib/gcc/avr/4.9.2/../../../avr/lib/avr5/crtatmega644.o
                0x00004090                __init
 *(.init0)
 *(.init1)
 *(.init1)
 *(.init2)
 .init2         0x00004090        0xc /usr/lib/gcc/avr/4.9.2/../../../avr/lib/avr5/crtatmega644.o
 *(.init2)
 *(.init3)
 *(.init3)
 *(.init4)
 .init4         0x0000409c       0x16 /usr/lib/gcc/avr/4.9.2/avr5/libgcc.a(_copy_data.o)
                0x0000409c                __do_copy_data
 .init4         0x000040b2       0x10 /usr/lib/gcc/avr/4.9.2/avr5/libgcc.a(_clear_bss.o)
                0x000040b2                __do_clear_bss
 *(.init4)
 *(.init5)
 *(.init5)
 *(.init6)
 *(.init6)
 *(.init7)
 .init7         0x000040c2       0x18 uzeboxCore.o
                0x000040c2                wdt_init
 *(.init7)
 *(.init8)
 .init8         0x000040da       0x92 uzeboxCore.o
                0x000040da                Initialize
 *(.init8)
 *(.init9)
 .init9         0x0000416c        0x8 /usr/lib/gcc/avr/4.9.2/../../../avr/lib/avr5/crtatmega644.o
 *(.init9)
 *(.text)
 .text          0x00004174        0x4 /usr/lib/gcc/avr/4.9.2/../../../avr/lib/avr5/crtatmega644.o
                0x00004174                __vector_22
                0x00004174                __vector_1
                0x00004174                __vector_24
                0x00004174                __vector_12
                0x00004174                __bad_interrupt
                0x00004174                __vector_6
                0x00004174                __vector_3
                0x00004174                __vector_23
                0x00004174                __vector_25
                0x00004174                __vector_11
                0x00004174                __vector_17
                0x00004174                __vector_19
                0x00004174                __vector_7
                0x00004174                __vector_27
                0x00004174                __vector_5
                0x00004174                __vector_4
                0x00004174                __vector_9
                0x00004174                __vector_2
                0x00004174                __vector_21
                0x00004174                __vector_15
                0x00004174                __vector_8
                0x00004174                __vector_26
                0x00004174                __vector_10
                0x00004174                __vector_16
                0x00004174                __vector_18
                0x00004174                __vector_20
 .text          0x00004178      0x6b4 uzeboxVideoEngineCore.o
                0x00004328                CopyFlashTile
                0x00004446                CopyRamTile
                0x00004560                BlitSprite
                0x00004644                __vector_13
                0x000046c4                __vector_14
 .text          0x0000482c      0x234 uzeboxSoundEngineCore.o
                0x0000482c                process_music
                0x000049e2                update_sound_buffer_fast
                0x00004a0a                update_sound
                0x00004a60                . = ALIGN (0x2)
 *(.text.*)
 .text.ClearVram
                0x00004a60       0x14 uzeboxVideoEngineCore.o
                0x00004a60                ClearVram
 .text.SetFont  0x00004a74        0x8 uzeboxVideoEngineCore.o
                0x00004a74                SetFont
 .text.SetTile  0x00004a7c       0x1c uzeboxVideoEngineCore.o
                0x00004a7c                SetTile
 .text.SetFontTilesIndex
                0x00004a98        0x6 uzeboxVideoEngineCore.o
                0x00004a98                SetFontTilesIndex
 .text.SetTileTable
                0x00004a9e        0xa uzeboxVideoEngineCore.o
                0x00004a9e                SetTileTable
 .text.GetVsyncFlag
                0x00004aa8        0x8 uzeboxVideoEngineCore.o
                0x00004aa8                GetVsyncFlag
 .text.WriteEeprom
                0x00004ab0       0x14 uzeboxVideoEngineCore.o
                0x00004ab0                WriteEeprom
 .text.ReadEeprom
                0x00004ac4       0x12 uzeboxVideoEngineCore.o
                0x00004ac4                ReadEeprom
 .text.SoftReset
                0x00004ad6       0x16 uzeboxCore.o
                0x00004ad6                SoftReset
 .text.ReadButtons
                0x00004aec       0x6c uzeboxCore.o
                0x00004aec                ReadButtons
 .text.ReadControllers
                0x00004b58       0x20 uzeboxCore.o
                0x00004b58                ReadControllers
 .text.FormatEeprom
                0x00004b78       0x44 uzeboxCore.o
                0x00004b78                FormatEeprom
 .text.isEepromFormatted
                0x00004bbc       0x2e uzeboxCore.o
                0x00004bbc                isEepromFormatted
 .text.PatchCommand00
                0x00004bea        0x6 uzeboxSoundEngine.o
                0x00004bea                PatchCommand00
 .text.PatchCommand01
                0x00004bf0        0x2 uzeboxSoundEngine.o
                0x00004bf0                PatchCommand01
 .text.PatchCommand02
                0x00004bf2        0x8 uzeboxSoundEngine.o
                0x00004bf2                PatchCommand02
 .text.PatchCommand03
                0x00004bfa        0xe uzeboxSoundEngine.o
                0x00004bfa                PatchCommand03
 .text.PatchCommand04
                0x00004c08       0x10 uzeboxSoundEngine.o
                0x00004c08                PatchCommand04
 .text.PatchCommand05
                0x00004c18        0xa uzeboxSoundEngine.o
                0x00004c18                PatchCommand05
 .text.PatchCommand06
                0x00004c22        0xa uzeboxSoundEngine.o
                0x00004c22                PatchCommand06
 .text.PatchCommand07
                0x00004c2c        0x6 uzeboxSoundEngine.o
                0x00004c2c                PatchCommand07
 .text.PatchCommand08
                0x00004c32       0x20 uzeboxSoundEngine.o
                0x00004c32                PatchCommand08
 .text.PatchCommand09
                0x00004c52        0x6 uzeboxSoundEngine.o
                0x00004c52                PatchCommand09
 .text.PatchCommand10
                0x00004c58        0x6 uzeboxSoundEngine.o
                0x00004c58                PatchCommand10
 .text.PatchCommand11
                0x00004c5e       0x76 uzeboxSoundEngine.o
                0x00004c5e                PatchCommand11
 .text.PatchCommand12
                0x00004cd4        0x6 uzeboxSoundEngine.o
                0x00004cd4                PatchCommand12
 .text.PatchCommand13
                0x00004cda        0x6 uzeboxSoundEngine.o
                0x00004cda                PatchCommand13
 .text.PatchCommand14
                0x00004ce0       0x54 uzeboxSoundEngine.o
                0x00004ce0                PatchCommand14
 .text.StartSong
                0x00004d34       0x44 uzeboxSoundEngine.o
                0x00004d34                StartSong
 .text.ProcessMusic
                0x00004d78      0x3c8 uzeboxSoundEngine.o
                0x00004d78                ProcessMusic
 .text.SongBufFull
                0x00005140       0x20 uzeboxSoundEngine.o
                0x00005140                SongBufFull
 .text.SongBufBytes
                0x00005160       0x12 uzeboxSoundEngine.o
                0x00005160                SongBufBytes
 .text.SongBufWrite
                0x00005172       0x18 uzeboxSoundEngine.o
                0x00005172                SongBufWrite
 .text.SongBufRead
                0x0000518a       0x2c uzeboxSoundEngine.o
                0x0000518a                SongBufRead
 .text.TriggerCommon
                0x000051b6      0x108 uzeboxSoundEngine.o
                0x000051b6                TriggerCommon
 .text.TriggerNote
                0x000052be       0x80 uzeboxSoundEngine.o
                0x000052be                TriggerNote
 .text.SetMixerNote
                0x0000533e       0x28 uzeboxSoundEngineCore.o
                0x0000533e                SetMixerNote
 .text.SetMixerWave
                0x00005366       0x1a uzeboxSoundEngineCore.o
                0x00005366                SetMixerWave
 *fill*         0x00005380       0x80 
 .text.DisableSoundEngine
                0x00005400      0xc00 uzeboxSoundEngineCore.o
                0x00005400                DisableSoundEngine
                0x00005408                steptable
                0x00005600                waves
 .text.RestoreBackground
                0x00006000       0x2c uzeboxVideoEngine.o
                0x00006000                RestoreBackground
 .text.ProcessSprites
                0x0000602c       0x1a uzeboxVideoEngine.o
                0x0000602c                ProcessSprites
 .text.DisplayLogo
                0x00006046        0x2 uzeboxVideoEngine.o
                0x00006046                DisplayLogo
 .text.InitializeVideoMode
                0x00006048        0x2 uzeboxVideoEngine.o
                0x00006048                InitializeVideoMode
 .text.VideoModeVsync
                0x0000604a        0x8 uzeboxVideoEngine.o
                0x0000604a                VideoModeVsync
 .text.Print    0x00006052       0x36 uzeboxVideoEngine.o
                0x00006052                Print
 .text.ProcessFading
                0x00006088       0x4a uzeboxVideoEngine.o
                0x00006088                ProcessFading
 .text.sd_find_file_section
                0x000060d2       0xd8 sdBase.o
                0x000060d2                sdCardFindFileFirstSectorFlash
                0x000060d6                sdCardFindFileFirstSector
 .text.sd_card_common_section
                0x000061aa      0x10c sdBase.o
                0x000061ac                sdCardSkipBytes
                0x000061b8                sdCardGetLong
                0x000061bc                sdCardGetInt
                0x000061c8                sdCardGetChar
                0x000061c8                sdCardGetByte
                0x000061f4                sdCardSendByteFF
                0x000061f6                sdCardSendByte
                0x0000621e                sdCardSendCommand
                0x0000626a                sdCardInitNoBuffer
 .text.sd_card_cue_section
                0x000062b6       0x30 sdBase.o
                0x000062b6                sdCardCueSectorAddress
                0x000062c4                sdCardCueByteAddress
                0x000062e0                sdCardStopTransmission
 .text.startup.main
                0x000062e6       0x74 SDMusic.o
                0x000062e6                main
 .text.CustomWaitVsync
                0x0000635a       0x72 SDMusic.o
                0x0000635a                CustomWaitVsync
 .text.libgcc.div
                0x000063cc       0x28 /usr/lib/gcc/avr/4.9.2/avr5/libgcc.a(_udivmodhi4.o)
                0x000063cc                __udivmodhi4
 .text.libgcc.div
                0x000063f4       0x28 /usr/lib/gcc/avr/4.9.2/avr5/libgcc.a(_divmodhi4.o)
                0x000063f4                __divmodhi4
                0x000063f4                _div
                0x0000641c                . = ALIGN (0x2)
 *(.fini9)
 .fini9         0x0000641c        0x0 /usr/lib/gcc/avr/4.9.2/avr5/libgcc.a(_exit.o)
                0x0000641c                exit
                0x0000641c                _exit
 *(.fini9)
 *(.fini8)
 *(.fini8)
 *(.fini7)
 *(.fini7)
 *(.fini6)
 *(.fini6)
 *(.fini5)
 *(.fini5)
 *(.fini4)
 *(.fini4)
 *(.fini3)
 *(.fini3)
 *(.fini2)
 *(.fini2)
 *(.fini1)
 *(.fini1)
 *(.fini0)
 .fini0         0x0000641c        0x4 /usr/lib/gcc/avr/4.9.2/avr5/libgcc.a(_exit.o)
 *(.fini0)
                0x00006420                _etext = .

.data           0x00800100        0x2 load address 0x00006420
                0x00800100                PROVIDE (__data_start, .)
 *(.data)
 .data          0x00800100        0x1 uzeboxVideoEngine.o
                0x00800100                spritesOn
 *(.data*)
 *(.rodata)
 *(.rodata*)
 *(.gnu.linkonce.d*)
                0x00800102                . = ALIGN (0x2)
 *fill*         0x00800101        0x1 
                0x00800102                _edata = .
                0x00800102                PROVIDE (__data_end, .)

.bss            0x00800102      0x689
                0x00800102                PROVIDE (__bss_start, .)
 *(.bss)
 *fill*         0x00800102       0x1e 
 .bss           0x00800120      0x380 uzeboxVideoEngineCore.o
                0x00800120                vram
                0x00800468                sprites
                0x00800468                overlay_vram
                0x00800468                ram_tiles
                0x00800468                sprites_tile_banks
                0x00800468                ram_tiles_restore
                0x00800473                Screen
                0x00800476                sync_phase
                0x00800477                sync_pulse
                0x00800478                sync_flags
                0x0080047d                first_render_line
                0x0080047e                render_lines_count
                0x0080047f                joypad1_status_lo
                0x00800481                joypad1_status_hi
                0x00800483                joypad2_status_lo
                0x00800485                joypad2_status_hi
 .bss           0x008004a0        0x1 uzeboxSoundEngine.o
                0x008004a0                playSong
 .bss           0x008004a1      0x22d uzeboxSoundEngineCore.o
                0x008004a1                mix_buf
                0x008006ad                mix_pos
                0x008006af                mix_bank
                0x008006b1                sound_enabled
                0x008006b2                mixer
 .bss           0x008006ce        0x2 uzeboxVideoEngine.o
                0x008006ce                userRamTilesCount
                0x008006cf                userRamTilesCount_tmp
 .bss           0x008006d0        0x2 sdBase.o
 .bss           0x008006d2        0x4 SDMusic.o
                0x008006d2                songOff
 *(.bss*)
 *(COMMON)
 COMMON         0x008006d6        0x1 uzeboxCore.o
                0x008006d6                joypadsConnectionStatus
 COMMON         0x008006d7       0xad uzeboxSoundEngine.o
                0x008006d7                songStart
                0x008006d9                tracks
                0x00800735                patchPointers
                0x00800737                songBufIn
                0x00800738                lastStatus
                0x00800739                loopEnd
                0x0080073b                masterVolume
                0x0080073c                nextDeltaTime
                0x0080073d                songSpeed
                0x0080073e                songPos
                0x00800740                songBuf
                0x00800780                loopStart
                0x00800782                step
                0x00800783                songBufOut
 COMMON         0x00800784        0x6 uzeboxVideoEngine.o
                0x00800784                fadeSpeed
                0x00800785                fadeDir
                0x00800786                free_tile_index
                0x00800787                fadeActive
                0x00800788                currFadeFrame
                0x00800789                fadeStep
 COMMON         0x0080078a        0x1 SDMusic.o
                0x0080078a                sdInUse
                0x0080078b                PROVIDE (__bss_end, .)
                0x00006420                __data_load_start = LOADADDR (.data)
                0x00006422                __data_load_end = (__data_load_start + SIZEOF (.data))

.noinit         0x0080078b        0x0
                [!provide]                PROVIDE (__noinit_start, .)
 *(.noinit*)
                [!provide]                PROVIDE (__noinit_end, .)
                0x0080078b                _end = .
                [!provide]                PROVIDE (__heap_start, .)

.eeprom         0x00810000        0x0
 *(.eeprom*)
                0x00810000                __eeprom_end = .

.fuse
 *(.fuse)
 *(.lfuse)
 *(.hfuse)
 *(.efuse)

.lock
 *(.lock*)

.signature
 *(.signature*)

.user_signatures
 *(.user_signatures*)

.stab
 *(.stab)

.stabstr
 *(.stabstr)

.stab.excl
 *(.stab.excl)

.stab.exclstr
 *(.stab.exclstr)

.stab.index
 *(.stab.index)

.stab.indexstr
 *(.stab.indexstr)

.comment        0x00000000       0x11
 *(.comment)
 .comment       0x00000000       0x11 uzeboxCore.o
                                 0x12 (size before relaxing)
 .comment       0x00000011       0x12 uzeboxSoundEngine.o
 .comment       0x00000011       0x12 uzeboxVideoEngine.o
 .comment       0x00000011       0x12 SDMusic.o

.note.gnu.avr.deviceinfo
                0x00000000       0x3c
 .note.gnu.avr.deviceinfo
                0x00000000       0x3c /usr/lib/gcc/avr/4.9.2/../../../avr/lib/avr5/crtatmega644.o

.note.gnu.build-id
 *(.note.gnu.build-id)

.debug
 *(.debug)

.line
 *(.line)

.debug_srcinfo
 *(.debug_srcinfo)

.debug_sfnames
 *(.debug_sfnames)

.debug_aranges  0x00000000      0x430
 *(.debug_aranges)
 .debug_aranges
                0x00000000       0xe0 uzeboxVideoEngineCore.o
 .debug_aranges
                0x000000e0       0x90 uzeboxCore.o
 .debug_aranges
                0x00000170      0x118 uzeboxSoundEngine.o
 .debug_aranges
                0x00000288       0x48 uzeboxSoundEngineCore.o
 .debug_aranges
                0x000002d0      0x100 uzeboxVideoEngine.o
 .debug_aranges
                0x000003d0       0x38 sdBase.o
 .debug_aranges
                0x00000408       0x28 SDMusic.o

.debug_pubnames
 *(.debug_pubnames)

.debug_info     0x00000000     0x338a
 *(.debug_info .gnu.linkonce.wi.*)
 .debug_info    0x00000000       0x96 uzeboxVideoEngineCore.o
 .debug_info    0x00000096      0xaec uzeboxCore.o
 .debug_info    0x00000b82     0x11a2 uzeboxSoundEngine.o
 .debug_info    0x00001d24       0x8c uzeboxSoundEngineCore.o
 .debug_info    0x00001db0     0x1153 uzeboxVideoEngine.o
 .debug_info    0x00002f03       0x83 sdBase.o
 .debug_info    0x00002f86      0x404 SDMusic.o

.debug_abbrev   0x00000000      0xc40
 *(.debug_abbrev)
 .debug_abbrev  0x00000000       0x12 uzeboxVideoEngineCore.o
 .debug_abbrev  0x00000012      0x345 uzeboxCore.o
 .debug_abbrev  0x00000357      0x363 uzeboxSoundEngine.o
 .debug_abbrev  0x000006ba       0x12 uzeboxSoundEngineCore.o
 .debug_abbrev  0x000006cc      0x3b7 uzeboxVideoEngine.o
 .debug_abbrev  0x00000a83       0x12 sdBase.o
 .debug_abbrev  0x00000a95      0x1ab SDMusic.o

.debug_line     0x00000000     0x36a5
 *(.debug_line .debug_line.* .debug_line_end)
 .debug_line    0x00000000     0x1116 uzeboxVideoEngineCore.o
 .debug_line    0x00001116      0x561 uzeboxCore.o
 .debug_line    0x00001677      0x8be uzeboxSoundEngine.o
 .debug_line    0x00001f35      0x6ac uzeboxSoundEngineCore.o
 .debug_line    0x000025e1      0x7be uzeboxVideoEngine.o
 .debug_line    0x00002d9f      0x770 sdBase.o
 .debug_line    0x0000350f      0x196 SDMusic.o

.debug_frame    0x00000000      0x8fc
 *(.debug_frame)
 .debug_frame   0x00000000      0x1cc uzeboxCore.o
 .debug_frame   0x000001cc      0x2c8 uzeboxSoundEngine.o
 .debug_frame   0x00000494      0x42c uzeboxVideoEngine.o
 .debug_frame   0x000008c0       0x3c SDMusic.o

.debug_str      0x00000000      0xce4
 *(.debug_str)
 .debug_str     0x00000000      0x4dc uzeboxCore.o
                                0x527 (size before relaxing)
 .debug_str     0x000004dc      0x447 uzeboxSoundEngine.o
                                0x678 (size before relaxing)
 .debug_str     0x00000923      0x2c3 uzeboxVideoEngine.o
                                0x47f (size before relaxing)
 .debug_str     0x00000be6       0xfe SDMusic.o
                                0x2b2 (size before relaxing)

.debug_loc      0x00000000     0x31dc
 *(.debug_loc)
 .debug_loc     0x00000000      0xa01 uzeboxCore.o
 .debug_loc     0x00000a01      0xf0a uzeboxSoundEngine.o
 .debug_loc     0x0000190b     0x185d uzeboxVideoEngine.o
 .debug_loc     0x00003168       0x74 SDMusic.o

.debug_macinfo
 *(.debug_macinfo)

.debug_weaknames
 *(.debug_weaknames)

.debug_funcnames
 *(.debug_funcnames)

.debug_typenames
 *(.debug_typenames)

.debug_varnames
 *(.debug_varnames)

.debug_pubtypes
 *(.debug_pubtypes)

.debug_ranges   0x00000000      0x438
 *(.debug_ranges)
 .debug_ranges  0x00000000       0xd8 uzeboxVideoEngineCore.o
 .debug_ranges  0x000000d8       0x98 uzeboxCore.o
 .debug_ranges  0x00000170      0x138 uzeboxSoundEngine.o
 .debug_ranges  0x000002a8       0x40 uzeboxSoundEngineCore.o
 .debug_ranges  0x000002e8      0x108 uzeboxVideoEngine.o
 .debug_ranges  0x000003f0       0x30 sdBase.o
 .debug_ranges  0x00000420       0x18 SDMusic.o

.debug_macro
 *(.debug_macro)
OUTPUT(SDMusic.elf elf32-avr)
LOAD linker stubs
