Archive member included to satisfy reference by file (symbol)

/usr/lib/gcc/avr/4.9.2/avr5/libgcc.a(_udivmodqi4.o)
                              uzeboxVideoEngine.o (__udivmodqi4)
/usr/lib/gcc/avr/4.9.2/avr5/libgcc.a(_udivmodhi4.o)
                              uzeboxVideoEngine.o (__udivmodhi4)
/usr/lib/gcc/avr/4.9.2/avr5/libgcc.a(_divmodhi4.o)
                              uzeboxSoundEngine.o (__divmodhi4)
/usr/lib/gcc/avr/4.9.2/avr5/libgcc.a(_udivmodsi4.o)
                              uzeboxVideoEngine.o (__udivmodsi4)
/usr/lib/gcc/avr/4.9.2/avr5/libgcc.a(_exit.o)
                              /usr/lib/gcc/avr/4.9.2/../../../avr/lib/avr5/crtatmega644.o (exit)
/usr/lib/gcc/avr/4.9.2/avr5/libgcc.a(_clear_bss.o)
                              uzeboxCore.o (__do_clear_bss)

Allocating common symbols
Common symbol       size              file

songStart           0x2               uzeboxSoundEngine.o
sdInUse             0x1               SDMusicDemo.o
sectorStart         0x4               SDMusicDemo.o
tracks              0x5c              uzeboxSoundEngine.o
fadeSpeed           0x1               uzeboxVideoEngine.o
fadeDir             0x1               uzeboxVideoEngine.o
patchPointers       0x2               uzeboxSoundEngine.o
songBufIn           0x1               uzeboxSoundEngine.o
lastStatus          0x1               uzeboxSoundEngine.o
joypadsConnectionStatus
                    0x1               uzeboxCore.o
fadeActive          0x1               uzeboxVideoEngine.o
loopEnd             0x2               uzeboxSoundEngine.o
masterVolume        0x1               uzeboxSoundEngine.o
nextDeltaTime       0x1               uzeboxSoundEngine.o
songSpeed           0x1               uzeboxSoundEngine.o
songPos             0x2               uzeboxSoundEngine.o
loopEndFound        0x2               SDMusicDemo.o
songBuf             0x20              uzeboxSoundEngine.o
loopStart           0x2               uzeboxSoundEngine.o
step                0x1               uzeboxSoundEngine.o
currFadeFrame       0x1               uzeboxVideoEngine.o
fadeStep            0x1               uzeboxVideoEngine.o
songBufOut          0x1               uzeboxSoundEngine.o

Discarded input sections

 .data          0x00000000        0x0 /usr/lib/gcc/avr/4.9.2/../../../avr/lib/avr5/crtatmega644.o
 .bss           0x00000000        0x0 /usr/lib/gcc/avr/4.9.2/../../../avr/lib/avr5/crtatmega644.o
 .data          0x00000000        0x0 uzeboxVideoEngineCore.o
 .text.SetTile  0x00000000       0x1a uzeboxVideoEngineCore.o
 .text.GetVsyncCounter
                0x00000000        0xa uzeboxVideoEngineCore.o
 .text.ClearVsyncCounter
                0x00000000        0xa uzeboxVideoEngineCore.o
 .text.ReadJoypad
                0x00000000       0x18 uzeboxVideoEngineCore.o
 .text.WaitUs   0x00000000        0xe uzeboxVideoEngineCore.o
 .text.SetUserPreVsyncCallback
                0x00000000        0xa uzeboxVideoEngineCore.o
 .text.SetUserPostVsyncCallback
                0x00000000        0xa uzeboxVideoEngineCore.o
 .text.IsRunningInEmulator
                0x00000000       0x12 uzeboxVideoEngineCore.o
 .text.WaitClocks
                0x00000000        0x6 uzeboxVideoEngineCore.o
 .text.SetLedOn
                0x00000000        0x4 uzeboxVideoEngineCore.o
 .text.SetLedOff
                0x00000000        0x4 uzeboxVideoEngineCore.o
 .text.ToggleLed
                0x00000000        0x4 uzeboxVideoEngineCore.o
 .text.internal_spi_byte
                0x00000000        0xe uzeboxVideoEngineCore.o
 .text          0x00000000        0x0 uzeboxCore.o
 .data          0x00000000        0x0 uzeboxCore.o
 .bss           0x00000000        0x2 uzeboxCore.o
 .text.SetRenderingParameters
                0x00000000        0xa uzeboxCore.o
 .text.DetectControllers
                0x00000000       0x36 uzeboxCore.o
 .text.FormatEeprom2
                0x00000000       0x98 uzeboxCore.o
 .text.IsPowerSwitchPressed
                0x00000000        0xe uzeboxCore.o
 .text.EepromWriteBlock
                0x00000000       0x94 uzeboxCore.o
 .text.EepromReadBlock
                0x00000000       0x66 uzeboxCore.o
 .text.EepromBlockExists
                0x00000000       0xa4 uzeboxCore.o
 .text.GetPrngNumber
                0x00000000       0x5c uzeboxCore.o
 .text          0x00000000        0x0 uzeboxSoundEngine.o
 .data          0x00000000        0x0 uzeboxSoundEngine.o
 .text.StopSong
                0x00000000       0x18 uzeboxSoundEngine.o
 .text.ResumeSong
                0x00000000        0x8 uzeboxSoundEngine.o
 .text.SetSongSpeed
                0x00000000        0x6 uzeboxSoundEngine.o
 .text.GetSongSpeed
                0x00000000        0x6 uzeboxSoundEngine.o
 .text.TriggerFx
                0x00000000       0x8a uzeboxSoundEngine.o
 .text.SetMasterVolume
                0x00000000        0x6 uzeboxSoundEngine.o
 .text.GetMasterVolume
                0x00000000        0x6 uzeboxSoundEngine.o
 .text.IsSongPlaying
                0x00000000        0x6 uzeboxSoundEngine.o
 .data          0x00000000        0x0 uzeboxSoundEngineCore.o
 .text.SetMixerVolume
                0x00000000       0x16 uzeboxSoundEngineCore.o
 .text.EnableSoundEngine
                0x00000000        0x8 uzeboxSoundEngineCore.o
 .avr.prop      0x00000000       0x16 uzeboxSoundEngineCore.o
 .text          0x00000000        0x0 uzeboxVideoEngine.o
 .data          0x00000000        0x0 uzeboxVideoEngine.o
 .bss           0x00000000        0x0 uzeboxVideoEngine.o
 .text.DrawMap  0x00000000       0x9a uzeboxVideoEngine.o
 .text.PrintLong
                0x00000000       0x8a uzeboxVideoEngine.o
 .text.PrintByte
                0x00000000       0x66 uzeboxVideoEngine.o
 .text.PrintBinaryByte
                0x00000000       0x36 uzeboxVideoEngine.o
 .text.PrintHexByte
                0x00000000       0x40 uzeboxVideoEngine.o
 .text.PrintHexInt
                0x00000000       0x24 uzeboxVideoEngine.o
 .text.PrintHexLong
                0x00000000       0x5e uzeboxVideoEngine.o
 .text.PrintRam
                0x00000000       0x36 uzeboxVideoEngine.o
 .text.PrintChar
                0x00000000        0x6 uzeboxVideoEngine.o
 .text.Fill     0x00000000       0x6e uzeboxVideoEngine.o
 .text.FontFill
                0x00000000       0x6c uzeboxVideoEngine.o
 .text.WaitVsync
                0x00000000       0x2e uzeboxVideoEngine.o
 .progmem.data  0x00000000        0xc uzeboxVideoEngine.o
 .text.doFade   0x00000000       0x1c uzeboxVideoEngine.o
 .text.FadeIn   0x00000000       0x18 uzeboxVideoEngine.o
 .text.FadeOut  0x00000000       0x18 uzeboxVideoEngine.o
 .text.ProcessFading
                0x00000000       0x4a uzeboxVideoEngine.o
 COMMON         0x00000000        0x5 uzeboxVideoEngine.o
 .text          0x00000000        0x0 sdBase.o
 .data          0x00000000        0x0 sdBase.o
 .text.sd_direct_read_section
                0x00000000       0x5a sdBase.o
 .text          0x00000000        0x0 SDMusicDemo.o
 .data          0x00000000        0x0 SDMusicDemo.o
 .text          0x00000000        0x0 /usr/lib/gcc/avr/4.9.2/avr5/libgcc.a(_udivmodqi4.o)
 .data          0x00000000        0x0 /usr/lib/gcc/avr/4.9.2/avr5/libgcc.a(_udivmodqi4.o)
 .bss           0x00000000        0x0 /usr/lib/gcc/avr/4.9.2/avr5/libgcc.a(_udivmodqi4.o)
 .text.libgcc.mul
                0x00000000        0x0 /usr/lib/gcc/avr/4.9.2/avr5/libgcc.a(_udivmodqi4.o)
 .text.libgcc.div
                0x00000000       0x18 /usr/lib/gcc/avr/4.9.2/avr5/libgcc.a(_udivmodqi4.o)
 .text.libgcc   0x00000000        0x0 /usr/lib/gcc/avr/4.9.2/avr5/libgcc.a(_udivmodqi4.o)
 .text.libgcc.prologue
                0x00000000        0x0 /usr/lib/gcc/avr/4.9.2/avr5/libgcc.a(_udivmodqi4.o)
 .text.libgcc.builtins
                0x00000000        0x0 /usr/lib/gcc/avr/4.9.2/avr5/libgcc.a(_udivmodqi4.o)
 .text.libgcc.fmul
                0x00000000        0x0 /usr/lib/gcc/avr/4.9.2/avr5/libgcc.a(_udivmodqi4.o)
 .text.libgcc.fixed
                0x00000000        0x0 /usr/lib/gcc/avr/4.9.2/avr5/libgcc.a(_udivmodqi4.o)
 .text          0x00000000        0x0 /usr/lib/gcc/avr/4.9.2/avr5/libgcc.a(_udivmodhi4.o)
 .data          0x00000000        0x0 /usr/lib/gcc/avr/4.9.2/avr5/libgcc.a(_udivmodhi4.o)
 .bss           0x00000000        0x0 /usr/lib/gcc/avr/4.9.2/avr5/libgcc.a(_udivmodhi4.o)
 .text.libgcc.mul
                0x00000000        0x0 /usr/lib/gcc/avr/4.9.2/avr5/libgcc.a(_udivmodhi4.o)
 .text.libgcc   0x00000000        0x0 /usr/lib/gcc/avr/4.9.2/avr5/libgcc.a(_udivmodhi4.o)
 .text.libgcc.prologue
                0x00000000        0x0 /usr/lib/gcc/avr/4.9.2/avr5/libgcc.a(_udivmodhi4.o)
 .text.libgcc.builtins
                0x00000000        0x0 /usr/lib/gcc/avr/4.9.2/avr5/libgcc.a(_udivmodhi4.o)
 .text.libgcc.fmul
                0x00000000        0x0 /usr/lib/gcc/avr/4.9.2/avr5/libgcc.a(_udivmodhi4.o)
 .text.libgcc.fixed
                0x00000000        0x0 /usr/lib/gcc/avr/4.9.2/avr5/libgcc.a(_udivmodhi4.o)
 .text          0x00000000        0x0 /usr/lib/gcc/avr/4.9.2/avr5/libgcc.a(_divmodhi4.o)
 .data          0x00000000        0x0 /usr/lib/gcc/avr/4.9.2/avr5/libgcc.a(_divmodhi4.o)
 .bss           0x00000000        0x0 /usr/lib/gcc/avr/4.9.2/avr5/libgcc.a(_divmodhi4.o)
 .text.libgcc.mul
                0x00000000        0x0 /usr/lib/gcc/avr/4.9.2/avr5/libgcc.a(_divmodhi4.o)
 .text.libgcc   0x00000000        0x0 /usr/lib/gcc/avr/4.9.2/avr5/libgcc.a(_divmodhi4.o)
 .text.libgcc.prologue
                0x00000000        0x0 /usr/lib/gcc/avr/4.9.2/avr5/libgcc.a(_divmodhi4.o)
 .text.libgcc.builtins
                0x00000000        0x0 /usr/lib/gcc/avr/4.9.2/avr5/libgcc.a(_divmodhi4.o)
 .text.libgcc.fmul
                0x00000000        0x0 /usr/lib/gcc/avr/4.9.2/avr5/libgcc.a(_divmodhi4.o)
 .text.libgcc.fixed
                0x00000000        0x0 /usr/lib/gcc/avr/4.9.2/avr5/libgcc.a(_divmodhi4.o)
 .text          0x00000000        0x0 /usr/lib/gcc/avr/4.9.2/avr5/libgcc.a(_udivmodsi4.o)
 .data          0x00000000        0x0 /usr/lib/gcc/avr/4.9.2/avr5/libgcc.a(_udivmodsi4.o)
 .bss           0x00000000        0x0 /usr/lib/gcc/avr/4.9.2/avr5/libgcc.a(_udivmodsi4.o)
 .text.libgcc.mul
                0x00000000        0x0 /usr/lib/gcc/avr/4.9.2/avr5/libgcc.a(_udivmodsi4.o)
 .text.libgcc.div
                0x00000000       0x44 /usr/lib/gcc/avr/4.9.2/avr5/libgcc.a(_udivmodsi4.o)
 .text.libgcc   0x00000000        0x0 /usr/lib/gcc/avr/4.9.2/avr5/libgcc.a(_udivmodsi4.o)
 .text.libgcc.prologue
                0x00000000        0x0 /usr/lib/gcc/avr/4.9.2/avr5/libgcc.a(_udivmodsi4.o)
 .text.libgcc.builtins
                0x00000000        0x0 /usr/lib/gcc/avr/4.9.2/avr5/libgcc.a(_udivmodsi4.o)
 .text.libgcc.fmul
                0x00000000        0x0 /usr/lib/gcc/avr/4.9.2/avr5/libgcc.a(_udivmodsi4.o)
 .text.libgcc.fixed
                0x00000000        0x0 /usr/lib/gcc/avr/4.9.2/avr5/libgcc.a(_udivmodsi4.o)
 .text          0x00000000        0x0 /usr/lib/gcc/avr/4.9.2/avr5/libgcc.a(_exit.o)
 .data          0x00000000        0x0 /usr/lib/gcc/avr/4.9.2/avr5/libgcc.a(_exit.o)
 .bss           0x00000000        0x0 /usr/lib/gcc/avr/4.9.2/avr5/libgcc.a(_exit.o)
 .text.libgcc.mul
                0x00000000        0x0 /usr/lib/gcc/avr/4.9.2/avr5/libgcc.a(_exit.o)
 .text.libgcc.div
                0x00000000        0x0 /usr/lib/gcc/avr/4.9.2/avr5/libgcc.a(_exit.o)
 .text.libgcc   0x00000000        0x0 /usr/lib/gcc/avr/4.9.2/avr5/libgcc.a(_exit.o)
 .text.libgcc.prologue
                0x00000000        0x0 /usr/lib/gcc/avr/4.9.2/avr5/libgcc.a(_exit.o)
 .text.libgcc.builtins
                0x00000000        0x0 /usr/lib/gcc/avr/4.9.2/avr5/libgcc.a(_exit.o)
 .text.libgcc.fmul
                0x00000000        0x0 /usr/lib/gcc/avr/4.9.2/avr5/libgcc.a(_exit.o)
 .text.libgcc.fixed
                0x00000000        0x0 /usr/lib/gcc/avr/4.9.2/avr5/libgcc.a(_exit.o)
 .text          0x00000000        0x0 /usr/lib/gcc/avr/4.9.2/avr5/libgcc.a(_clear_bss.o)
 .data          0x00000000        0x0 /usr/lib/gcc/avr/4.9.2/avr5/libgcc.a(_clear_bss.o)
 .bss           0x00000000        0x0 /usr/lib/gcc/avr/4.9.2/avr5/libgcc.a(_clear_bss.o)
 .text.libgcc.mul
                0x00000000        0x0 /usr/lib/gcc/avr/4.9.2/avr5/libgcc.a(_clear_bss.o)
 .text.libgcc.div
                0x00000000        0x0 /usr/lib/gcc/avr/4.9.2/avr5/libgcc.a(_clear_bss.o)
 .text.libgcc   0x00000000        0x0 /usr/lib/gcc/avr/4.9.2/avr5/libgcc.a(_clear_bss.o)
 .text.libgcc.prologue
                0x00000000        0x0 /usr/lib/gcc/avr/4.9.2/avr5/libgcc.a(_clear_bss.o)
 .text.libgcc.builtins
                0x00000000        0x0 /usr/lib/gcc/avr/4.9.2/avr5/libgcc.a(_clear_bss.o)
 .text.libgcc.fmul
                0x00000000        0x0 /usr/lib/gcc/avr/4.9.2/avr5/libgcc.a(_clear_bss.o)
 .text.libgcc.fixed
                0x00000000        0x0 /usr/lib/gcc/avr/4.9.2/avr5/libgcc.a(_clear_bss.o)

Memory Configuration

Name             Origin             Length             Attributes
text             0x00000000         0x00020000         xr
data             0x00800060         0x0000ffa0         rw !x
eeprom           0x00810000         0x00010000         rw !x
fuse             0x00820000         0x00000400         rw !x
lock             0x00830000         0x00000400         rw !x
signature        0x00840000         0x00000400         rw !x
user_signatures  0x00850000         0x00000400         rw !x
*default*        0x00000000         0xffffffff

Linker script and memory map

Address of section .data set to 0x800100
LOAD /usr/lib/gcc/avr/4.9.2/../../../avr/lib/avr5/crtatmega644.o
LOAD uzeboxVideoEngineCore.o
LOAD uzeboxCore.o
LOAD uzeboxSoundEngine.o
LOAD uzeboxSoundEngineCore.o
LOAD uzeboxVideoEngine.o
LOAD sdBase.o
LOAD SDMusicDemo.o
START GROUP
LOAD /usr/lib/gcc/avr/4.9.2/avr5/libgcc.a
LOAD /usr/lib/gcc/avr/4.9.2/../../../avr/lib/avr5/libm.a
LOAD /usr/lib/gcc/avr/4.9.2/../../../avr/lib/avr5/libc.a
LOAD /usr/lib/gcc/avr/4.9.2/../../../avr/lib/avr5/libatmega644.a
END GROUP
                0x00020000                __TEXT_REGION_LENGTH__ = DEFINED (__TEXT_REGION_LENGTH__)?__TEXT_REGION_LENGTH__:0x20000
                0x0000ffa0                __DATA_REGION_LENGTH__ = DEFINED (__DATA_REGION_LENGTH__)?__DATA_REGION_LENGTH__:0xffa0
                0x00010000                __EEPROM_REGION_LENGTH__ = DEFINED (__EEPROM_REGION_LENGTH__)?__EEPROM_REGION_LENGTH__:0x10000
                0x00000400                __FUSE_REGION_LENGTH__ = DEFINED (__FUSE_REGION_LENGTH__)?__FUSE_REGION_LENGTH__:0x400
                0x00000400                __LOCK_REGION_LENGTH__ = DEFINED (__LOCK_REGION_LENGTH__)?__LOCK_REGION_LENGTH__:0x400
                0x00000400                __SIGNATURE_REGION_LENGTH__ = DEFINED (__SIGNATURE_REGION_LENGTH__)?__SIGNATURE_REGION_LENGTH__:0x400
                0x00000400                __USER_SIGNATURE_REGION_LENGTH__ = DEFINED (__USER_SIGNATURE_REGION_LENGTH__)?__USER_SIGNATURE_REGION_LENGTH__:0x400

.hash
 *(.hash)

.dynsym
 *(.dynsym)

.dynstr
 *(.dynstr)

.gnu.version
 *(.gnu.version)

.gnu.version_d
 *(.gnu.version_d)

.gnu.version_r
 *(.gnu.version_r)

.rel.init
 *(.rel.init)

.rela.init
 *(.rela.init)

.rel.text
 *(.rel.text)
 *(.rel.text.*)
 *(.rel.gnu.linkonce.t*)

.rela.text
 *(.rela.text)
 *(.rela.text.*)
 *(.rela.gnu.linkonce.t*)

.rel.fini
 *(.rel.fini)

.rela.fini
 *(.rela.fini)

.rel.rodata
 *(.rel.rodata)
 *(.rel.rodata.*)
 *(.rel.gnu.linkonce.r*)

.rela.rodata
 *(.rela.rodata)
 *(.rela.rodata.*)
 *(.rela.gnu.linkonce.r*)

.rel.data
 *(.rel.data)
 *(.rel.data.*)
 *(.rel.gnu.linkonce.d*)

.rela.data
 *(.rela.data)
 *(.rela.data.*)
 *(.rela.gnu.linkonce.d*)

.rel.ctors
 *(.rel.ctors)

.rela.ctors
 *(.rela.ctors)

.rel.dtors
 *(.rel.dtors)

.rela.dtors
 *(.rela.dtors)

.rel.got
 *(.rel.got)

.rela.got
 *(.rela.got)

.rel.bss
 *(.rel.bss)

.rela.bss
 *(.rela.bss)

.rel.plt
 *(.rel.plt)

.rela.plt
 *(.rela.plt)

.text           0x00000000     0x3b4c
 *(.vectors)
 .vectors       0x00000000       0x70 /usr/lib/gcc/avr/4.9.2/../../../avr/lib/avr5/crtatmega644.o
                0x00000000                __vectors
                0x00000000                __vector_default
 *(.vectors)
 *(.progmem.gcc*)
                0x00000070                . = ALIGN (0x2)
                0x00000070                __trampolines_start = .
 *(.trampolines)
 .trampolines   0x00000070        0x0 linker stubs
 *(.trampolines*)
                0x00000070                __trampolines_end = .
 *libprintf_flt.a:*(.progmem.data)
 *libc.a:*(.progmem.data)
 *(.progmem*)
 .progmem.data  0x00000070       0x4e uzeboxCore.o
                0x00000070                eeprom_format_table
                0x00000090                io_table
 .progmem.data  0x000000be       0x1e uzeboxSoundEngine.o
                0x000000be                patchCommands
 .progmem.data  0x000000dc     0x1922 SDMusicDemo.o
                0x000000dc                tiles
                0x000006dc                font
                0x0000127c                CompressedSong
                0x000018e1                bass_gameover
                0x000018f6                bass_title
                0x00001911                lead_title
                0x00001929                noise_bass_drum
                0x0000193d                noise_crash_cymbal
                0x00001954                patches
                0x00001981                fileName
                0x000019fe                . = ALIGN (0x2)
 *(.jumptables)
 *(.jumptables*)
 *(.lowtext)
 *(.lowtext*)
                0x000019fe                __ctors_start = .
 *(.ctors)
                0x000019fe                __ctors_end = .
                0x000019fe                __dtors_start = .
 *(.dtors)
                0x000019fe                __dtors_end = .
 SORT(*)(.ctors)
 SORT(*)(.dtors)
 *(.init0)
 .init0         0x000019fe        0x0 /usr/lib/gcc/avr/4.9.2/../../../avr/lib/avr5/crtatmega644.o
                0x000019fe                __init
 *(.init0)
 *(.init1)
 *(.init1)
 *(.init2)
 .init2         0x000019fe        0xc /usr/lib/gcc/avr/4.9.2/../../../avr/lib/avr5/crtatmega644.o
 *(.init2)
 *(.init3)
 *(.init3)
 *(.init4)
 .init4         0x00001a0a       0x10 /usr/lib/gcc/avr/4.9.2/avr5/libgcc.a(_clear_bss.o)
                0x00001a0a                __do_clear_bss
 *(.init4)
 *(.init5)
 *(.init5)
 *(.init6)
 *(.init6)
 *(.init7)
 .init7         0x00001a1a       0x18 uzeboxCore.o
                0x00001a1a                wdt_init
 *(.init7)
 *(.init8)
 .init8         0x00001a32       0x92 uzeboxCore.o
                0x00001a32                Initialize
 *(.init8)
 *(.init9)
 .init9         0x00001ac4        0x8 /usr/lib/gcc/avr/4.9.2/../../../avr/lib/avr5/crtatmega644.o
 *(.init9)
 *(.text)
 .text          0x00001acc        0x4 /usr/lib/gcc/avr/4.9.2/../../../avr/lib/avr5/crtatmega644.o
                0x00001acc                __vector_22
                0x00001acc                __vector_1
                0x00001acc                __vector_24
                0x00001acc                __vector_12
                0x00001acc                __bad_interrupt
                0x00001acc                __vector_6
                0x00001acc                __vector_3
                0x00001acc                __vector_23
                0x00001acc                __vector_25
                0x00001acc                __vector_11
                0x00001acc                __vector_17
                0x00001acc                __vector_19
                0x00001acc                __vector_7
                0x00001acc                __vector_27
                0x00001acc                __vector_5
                0x00001acc                __vector_4
                0x00001acc                __vector_9
                0x00001acc                __vector_2
                0x00001acc                __vector_21
                0x00001acc                __vector_15
                0x00001acc                __vector_8
                0x00001acc                __vector_26
                0x00001acc                __vector_10
                0x00001acc                __vector_16
                0x00001acc                __vector_18
                0x00001acc                __vector_20
 .text          0x00001ad0      0x2ac uzeboxVideoEngineCore.o
                0x00001b94                __vector_13
                0x00001c14                __vector_14
 .text          0x00001d7c      0x234 uzeboxSoundEngineCore.o
                0x00001d7c                process_music
                0x00001f32                update_sound_buffer_fast
                0x00001f5a                update_sound
                0x00001fb0                . = ALIGN (0x2)
 *(.text.*)
 .text.ClearVram
                0x00001fb0       0x12 uzeboxVideoEngineCore.o
                0x00001fb0                ClearVram
 .text.SetFont  0x00001fc2       0x1e uzeboxVideoEngineCore.o
                0x00001fc2                SetFont
 .text.SetFontTilesIndex
                0x00001fe0        0x6 uzeboxVideoEngineCore.o
                0x00001fe0                SetFontTilesIndex
 .text.SetTileTable
                0x00001fe6        0xa uzeboxVideoEngineCore.o
                0x00001fe6                SetTileTable
 .text.GetVsyncFlag
                0x00001ff0        0x8 uzeboxVideoEngineCore.o
                0x00001ff0                GetVsyncFlag
 .text.ClearVsyncFlag
                0x00001ff8        0xc uzeboxVideoEngineCore.o
                0x00001ff8                ClearVsyncFlag
 .text.WriteEeprom
                0x00002004       0x14 uzeboxVideoEngineCore.o
                0x00002004                WriteEeprom
 .text.ReadEeprom
                0x00002018       0x12 uzeboxVideoEngineCore.o
                0x00002018                ReadEeprom
 .text.SoftReset
                0x0000202a       0x16 uzeboxCore.o
                0x0000202a                SoftReset
 .text.ReadButtons
                0x00002040       0x6c uzeboxCore.o
                0x00002040                ReadButtons
 .text.ReadControllers
                0x000020ac       0x20 uzeboxCore.o
                0x000020ac                ReadControllers
 .text.FormatEeprom
                0x000020cc       0x44 uzeboxCore.o
                0x000020cc                FormatEeprom
 .text.isEepromFormatted
                0x00002110       0x2e uzeboxCore.o
                0x00002110                isEepromFormatted
 .text.PatchCommand00
                0x0000213e        0x6 uzeboxSoundEngine.o
                0x0000213e                PatchCommand00
 .text.PatchCommand01
                0x00002144        0x2 uzeboxSoundEngine.o
                0x00002144                PatchCommand01
 .text.PatchCommand02
                0x00002146        0x8 uzeboxSoundEngine.o
                0x00002146                PatchCommand02
 .text.PatchCommand03
                0x0000214e        0xe uzeboxSoundEngine.o
                0x0000214e                PatchCommand03
 .text.PatchCommand04
                0x0000215c       0x10 uzeboxSoundEngine.o
                0x0000215c                PatchCommand04
 .text.PatchCommand05
                0x0000216c        0xa uzeboxSoundEngine.o
                0x0000216c                PatchCommand05
 .text.PatchCommand06
                0x00002176        0xa uzeboxSoundEngine.o
                0x00002176                PatchCommand06
 .text.PatchCommand07
                0x00002180        0x6 uzeboxSoundEngine.o
                0x00002180                PatchCommand07
 .text.PatchCommand08
                0x00002186       0x20 uzeboxSoundEngine.o
                0x00002186                PatchCommand08
 .text.PatchCommand09
                0x000021a6        0x6 uzeboxSoundEngine.o
                0x000021a6                PatchCommand09
 .text.PatchCommand10
                0x000021ac        0x6 uzeboxSoundEngine.o
                0x000021ac                PatchCommand10
 .text.PatchCommand11
                0x000021b2       0x76 uzeboxSoundEngine.o
                0x000021b2                PatchCommand11
 .text.PatchCommand12
                0x00002228        0x6 uzeboxSoundEngine.o
                0x00002228                PatchCommand12
 .text.PatchCommand13
                0x0000222e        0x6 uzeboxSoundEngine.o
                0x0000222e                PatchCommand13
 .text.PatchCommand14
                0x00002234       0x54 uzeboxSoundEngine.o
                0x00002234                PatchCommand14
 .text.InitMusicPlayer
                0x00002288       0x44 uzeboxSoundEngine.o
                0x00002288                InitMusicPlayer
 .text.StartSong
                0x000022cc       0x44 uzeboxSoundEngine.o
                0x000022cc                StartSong
 .text.ProcessMusic
                0x00002310      0x3ca uzeboxSoundEngine.o
                0x00002310                ProcessMusic
 .text.SongBufFull
                0x000026da       0x20 uzeboxSoundEngine.o
                0x000026da                SongBufFull
 .text.SongBufBytes
                0x000026fa       0x12 uzeboxSoundEngine.o
                0x000026fa                SongBufBytes
 .text.SongBufWrite
                0x0000270c       0x18 uzeboxSoundEngine.o
                0x0000270c                SongBufWrite
 .text.SongBufRead
                0x00002724       0x2c uzeboxSoundEngine.o
                0x00002724                SongBufRead
 .text.TriggerCommon
                0x00002750      0x108 uzeboxSoundEngine.o
                0x00002750                TriggerCommon
 .text.TriggerNote
                0x00002858       0x80 uzeboxSoundEngine.o
                0x00002858                TriggerNote
 .text.SetMixerNote
                0x000028d8       0x28 uzeboxSoundEngineCore.o
                0x000028d8                SetMixerNote
 .text.SetMixerWave
                0x00002900       0x1a uzeboxSoundEngineCore.o
                0x00002900                SetMixerWave
 *fill*         0x0000291a       0xe6 
 .text.DisableSoundEngine
                0x00002a00      0xc00 uzeboxSoundEngineCore.o
                0x00002a00                DisableSoundEngine
                0x00002a08                steptable
                0x00002c00                waves
 .text.DisplayLogo
                0x00003600        0x2 uzeboxVideoEngine.o
                0x00003600                DisplayLogo
 .text.InitializeVideoMode
                0x00003602        0x2 uzeboxVideoEngine.o
                0x00003602                InitializeVideoMode
 .text.VideoModeVsync
                0x00003604        0x2 uzeboxVideoEngine.o
                0x00003604                VideoModeVsync
 .text.PrintInt
                0x00003606       0x70 uzeboxVideoEngine.o
                0x00003606                PrintInt
 .text.Print    0x00003676       0x36 uzeboxVideoEngine.o
                0x00003676                Print
 .text.sd_find_file_section
                0x000036ac       0xd8 sdBase.o
                0x000036ac                sdCardFindFileFirstSectorFlash
                0x000036b0                sdCardFindFileFirstSector
 .text.sd_card_common_section
                0x00003784      0x10c sdBase.o
                0x00003786                sdCardSkipBytes
                0x00003792                sdCardGetLong
                0x00003796                sdCardGetInt
                0x000037a2                sdCardGetChar
                0x000037a2                sdCardGetByte
                0x000037ce                sdCardSendByteFF
                0x000037d0                sdCardSendByte
                0x000037f8                sdCardSendCommand
                0x00003844                sdCardInitNoBuffer
 .text.sd_card_cue_section
                0x00003890       0x30 sdBase.o
                0x00003890                sdCardCueSectorAddress
                0x0000389e                sdCardCueByteAddress
                0x000038ba                sdCardStopTransmission
 .text.startup.main
                0x000038c0      0x16a SDMusicDemo.o
                0x000038c0                main
 .text.CustomWaitVsync
                0x00003a2a       0xce SDMusicDemo.o
                0x00003a2a                CustomWaitVsync
 .text.libgcc.div
                0x00003af8       0x28 /usr/lib/gcc/avr/4.9.2/avr5/libgcc.a(_udivmodhi4.o)
                0x00003af8                __udivmodhi4
 .text.libgcc.div
                0x00003b20       0x28 /usr/lib/gcc/avr/4.9.2/avr5/libgcc.a(_divmodhi4.o)
                0x00003b20                __divmodhi4
                0x00003b20                _div
                0x00003b48                . = ALIGN (0x2)
 *(.fini9)
 .fini9         0x00003b48        0x0 /usr/lib/gcc/avr/4.9.2/avr5/libgcc.a(_exit.o)
                0x00003b48                exit
                0x00003b48                _exit
 *(.fini9)
 *(.fini8)
 *(.fini8)
 *(.fini7)
 *(.fini7)
 *(.fini6)
 *(.fini6)
 *(.fini5)
 *(.fini5)
 *(.fini4)
 *(.fini4)
 *(.fini3)
 *(.fini3)
 *(.fini2)
 *(.fini2)
 *(.fini1)
 *(.fini1)
 *(.fini0)
 .fini0         0x00003b48        0x4 /usr/lib/gcc/avr/4.9.2/avr5/libgcc.a(_exit.o)
 *(.fini0)
                0x00003b4c                _etext = .

.data           0x00800100        0x0 load address 0x00003b4c
                [!provide]                PROVIDE (__data_start, .)
 *(.data)
 *(.data*)
 *(.rodata)
 *(.rodata*)
 *(.gnu.linkonce.d*)
                0x00800100                . = ALIGN (0x2)
                0x00800100                _edata = .
                [!provide]                PROVIDE (__data_end, .)

.bss            0x00800100      0x741
                0x00800100                PROVIDE (__bss_start, .)
 *(.bss)
 .bss           0x00800100      0x478 uzeboxVideoEngineCore.o
                0x00800100                vram
                0x00800564                sync_phase
                0x00800565                sync_pulse
                0x00800566                sync_flags
                0x0080056b                first_render_line
                0x0080056c                render_lines_count
                0x0080056d                joypad1_status_lo
                0x0080056f                joypad1_status_hi
                0x00800571                joypad2_status_lo
                0x00800573                joypad2_status_hi
 .bss           0x00800578        0x1 uzeboxSoundEngine.o
                0x00800578                playSong
 .bss           0x00800579      0x22d uzeboxSoundEngineCore.o
                0x00800579                mix_buf
                0x00800785                mix_pos
                0x00800787                mix_bank
                0x00800789                sound_enabled
                0x0080078a                mixer
 .bss           0x008007a6        0x2 sdBase.o
 .bss           0x008007a8        0x4 SDMusicDemo.o
                0x008007a8                songOff
 *(.bss*)
 *(COMMON)
 COMMON         0x008007ac        0x1 uzeboxCore.o
                0x008007ac                joypadsConnectionStatus
 COMMON         0x008007ad       0x8d uzeboxSoundEngine.o
                0x008007ad                songStart
                0x008007af                tracks
                0x0080080b                patchPointers
                0x0080080d                songBufIn
                0x0080080e                lastStatus
                0x0080080f                loopEnd
                0x00800811                masterVolume
                0x00800812                nextDeltaTime
                0x00800813                songSpeed
                0x00800814                songPos
                0x00800816                songBuf
                0x00800836                loopStart
                0x00800838                step
                0x00800839                songBufOut
 COMMON         0x0080083a        0x7 SDMusicDemo.o
                0x0080083a                sdInUse
                0x0080083b                sectorStart
                0x0080083f                loopEndFound
                0x00800841                PROVIDE (__bss_end, .)
                0x00003b4c                __data_load_start = LOADADDR (.data)
                0x00003b4c                __data_load_end = (__data_load_start + SIZEOF (.data))

.noinit         0x00800841        0x0
                [!provide]                PROVIDE (__noinit_start, .)
 *(.noinit*)
                [!provide]                PROVIDE (__noinit_end, .)
                0x00800841                _end = .
                [!provide]                PROVIDE (__heap_start, .)

.eeprom         0x00810000        0x0
 *(.eeprom*)
                0x00810000                __eeprom_end = .

.fuse
 *(.fuse)
 *(.lfuse)
 *(.hfuse)
 *(.efuse)

.lock
 *(.lock*)

.signature
 *(.signature*)

.user_signatures
 *(.user_signatures*)

.stab
 *(.stab)

.stabstr
 *(.stabstr)

.stab.excl
 *(.stab.excl)

.stab.exclstr
 *(.stab.exclstr)

.stab.index
 *(.stab.index)

.stab.indexstr
 *(.stab.indexstr)

.comment        0x00000000       0x11
 *(.comment)
 .comment       0x00000000       0x11 uzeboxCore.o
                                 0x12 (size before relaxing)
 .comment       0x00000011       0x12 uzeboxSoundEngine.o
 .comment       0x00000011       0x12 uzeboxVideoEngine.o
 .comment       0x00000011       0x12 SDMusicDemo.o

.note.gnu.avr.deviceinfo
                0x00000000       0x3c
 .note.gnu.avr.deviceinfo
                0x00000000       0x3c /usr/lib/gcc/avr/4.9.2/../../../avr/lib/avr5/crtatmega644.o

.note.gnu.build-id
 *(.note.gnu.build-id)

.debug
 *(.debug)

.line
 *(.line)

.debug_srcinfo
 *(.debug_srcinfo)

.debug_sfnames
 *(.debug_sfnames)

.debug_aranges  0x00000000      0x3d8
 *(.debug_aranges)
 .debug_aranges
                0x00000000       0xc8 uzeboxVideoEngineCore.o
 .debug_aranges
                0x000000c8       0x90 uzeboxCore.o
 .debug_aranges
                0x00000158      0x118 uzeboxSoundEngine.o
 .debug_aranges
                0x00000270       0x48 uzeboxSoundEngineCore.o
 .debug_aranges
                0x000002b8       0xc0 uzeboxVideoEngine.o
 .debug_aranges
                0x00000378       0x38 sdBase.o
 .debug_aranges
                0x000003b0       0x28 SDMusicDemo.o

.debug_pubnames
 *(.debug_pubnames)

.debug_info     0x00000000     0x3088
 *(.debug_info .gnu.linkonce.wi.*)
 .debug_info    0x00000000       0x92 uzeboxVideoEngineCore.o
 .debug_info    0x00000092      0xaec uzeboxCore.o
 .debug_info    0x00000b7e     0x11a2 uzeboxSoundEngine.o
 .debug_info    0x00001d20       0x8c uzeboxSoundEngineCore.o
 .debug_info    0x00001dac      0xaae uzeboxVideoEngine.o
 .debug_info    0x0000285a       0x83 sdBase.o
 .debug_info    0x000028dd      0x7ab SDMusicDemo.o

.debug_abbrev   0x00000000      0xaeb
 *(.debug_abbrev)
 .debug_abbrev  0x00000000       0x12 uzeboxVideoEngineCore.o
 .debug_abbrev  0x00000012      0x345 uzeboxCore.o
 .debug_abbrev  0x00000357      0x363 uzeboxSoundEngine.o
 .debug_abbrev  0x000006ba       0x12 uzeboxSoundEngineCore.o
 .debug_abbrev  0x000006cc      0x23e uzeboxVideoEngine.o
 .debug_abbrev  0x0000090a       0x12 sdBase.o
 .debug_abbrev  0x0000091c      0x1cf SDMusicDemo.o

.debug_line     0x00000000     0x2e84
 *(.debug_line .debug_line.* .debug_line_end)
 .debug_line    0x00000000      0xaa9 uzeboxVideoEngineCore.o
 .debug_line    0x00000aa9      0x561 uzeboxCore.o
 .debug_line    0x0000100a      0x8c4 uzeboxSoundEngine.o
 .debug_line    0x000018ce      0x6ac uzeboxSoundEngineCore.o
 .debug_line    0x00001f7a      0x598 uzeboxVideoEngine.o
 .debug_line    0x00002512      0x770 sdBase.o
 .debug_line    0x00002c82      0x202 SDMusicDemo.o

.debug_frame    0x00000000      0x81c
 *(.debug_frame)
 .debug_frame   0x00000000      0x1cc uzeboxCore.o
 .debug_frame   0x000001cc      0x2c8 uzeboxSoundEngine.o
 .debug_frame   0x00000494      0x34c uzeboxVideoEngine.o
 .debug_frame   0x000007e0       0x3c SDMusicDemo.o

.debug_str      0x00000000      0xbfd
 *(.debug_str)
 .debug_str     0x00000000      0x4dc uzeboxCore.o
                                0x527 (size before relaxing)
 .debug_str     0x000004dc      0x447 uzeboxSoundEngine.o
                                0x678 (size before relaxing)
 .debug_str     0x00000923      0x18c uzeboxVideoEngine.o
                                0x335 (size before relaxing)
 .debug_str     0x00000aaf      0x14e SDMusicDemo.o
                                0x367 (size before relaxing)

.debug_loc      0x00000000     0x2d4d
 *(.debug_loc)
 .debug_loc     0x00000000      0xa01 uzeboxCore.o
 .debug_loc     0x00000a01      0xf1a uzeboxSoundEngine.o
 .debug_loc     0x0000191b     0x1383 uzeboxVideoEngine.o
 .debug_loc     0x00002c9e       0xaf SDMusicDemo.o

.debug_macinfo
 *(.debug_macinfo)

.debug_weaknames
 *(.debug_weaknames)

.debug_funcnames
 *(.debug_funcnames)

.debug_typenames
 *(.debug_typenames)

.debug_varnames
 *(.debug_varnames)

.debug_pubtypes
 *(.debug_pubtypes)

.debug_ranges   0x00000000      0x3c8
 *(.debug_ranges)
 .debug_ranges  0x00000000       0xc0 uzeboxVideoEngineCore.o
 .debug_ranges  0x000000c0       0x98 uzeboxCore.o
 .debug_ranges  0x00000158      0x138 uzeboxSoundEngine.o
 .debug_ranges  0x00000290       0x40 uzeboxSoundEngineCore.o
 .debug_ranges  0x000002d0       0xb0 uzeboxVideoEngine.o
 .debug_ranges  0x00000380       0x30 sdBase.o
 .debug_ranges  0x000003b0       0x18 SDMusicDemo.o

.debug_macro
 *(.debug_macro)
OUTPUT(SDMusicDemo.elf elf32-avr)
LOAD linker stubs
